// Jest Snapshot v1, https://goo.gl/fbAQLP

exports[`EditorBar component renders as expected 1`] = `
<DocumentFragment>
  <div
    class="editor-bar"
  >
    <div
      class="editor-bar-group"
    >
      <div
        class="editor-bar-title"
      />
    </div>
    <div
      class="editor-bar-group"
    >
      <div
        class="editor-bar-toolbar"
      >
        <div
          class="editor-bar-section"
        >
          <div
            class="editor-bar-button restore"
            role="button"
            tabindex="0"
          >
            <div />
          </div>
        </div>
        <div
          class="editor-bar-section"
        >
          <div
            class="editor-bar-button undo disabled"
            role="button"
            tabindex="0"
          >
            <svg
              height="16px"
              role="presentation"
              version="1.1"
              viewBox="0 0 18 12"
              width="16px"
            >
              <g
                fill="none"
                fill-rule="evenodd"
                stroke="none"
                stroke-width="1"
              >
                <g
                  fill="#EDEDED"
                  transform="translate(-827.000000, -218.000000)"
                >
                  <g
                    transform="translate(827.000000, 218.000000)"
                  >
                    <path
                      d="M14,5.3 C15.5,5.3 16.8,6.6 16.8,8 C16.8,9.5 15.5,10.7 14,10.7 L10,10.7 L10,12 L14,12 C16.3,12 18,10.3 18,8 C18,5.8 16.2,4 14,4 L2.4,4 L4.9,1.5 L4,0.6 L0,4.6 L4,8.6 L4.9,7.7 L2.4,5.3 L14,5.3 Z"
                      id="Fill"
                    />
                  </g>
                </g>
              </g>
            </svg>
          </div>
          <div
            class="editor-bar-button redo"
            role="button"
            tabindex="0"
          >
            <svg
              height="16px"
              role="presentation"
              version="1.1"
              viewBox="0 0 18 12"
              width="16px"
            >
              <g
                fill="none"
                fill-rule="evenodd"
                stroke="none"
                stroke-width="1"
              >
                <g
                  fill="#EDEDED"
                  transform="translate(-857.000000, -218.000000)"
                >
                  <g
                    transform="translate(857.000000, 218.000000)"
                  >
                    <path
                      d="M4,5.3 C2.5,5.3 1.2,6.6 1.2,8 C1.2,9.5 2.5,10.7 4,10.7 L8,10.7 L8,12 L4,12 C1.7,12 0,10.3 0,8 C0,5.8 1.8,4 4,4 L15.6,4 L13.1,1.5 L14,0.6 L18,4.6 L14,8.6 L13.1,7.7 L15.6,5.2 L4,5.2 L4,5.3 Z"
                      id="Fill"
                    />
                  </g>
                </g>
              </g>
            </svg>
          </div>
        </div>
        <div
          class="editor-bar-section"
        >
          <div
            class="editor-bar-search"
            role="region"
          >
            <div
              class="pf-c-search-input"
              id="template-editor-search-undefined"
            >
              <div
                class="pf-c-input-group"
              >
                <div
                  class="pf-c-search-input__bar"
                >
                  <span
                    class="pf-c-search-input__text"
                  >
                    <span
                      class="pf-c-search-input__icon"
                    >
                      <svg
                        aria-hidden="true"
                        fill="currentColor"
                        height="1em"
                        role="img"
                        style="vertical-align: -0.125em;"
                        viewBox="0 0 512 512"
                        width="1em"
                      >
                        <path
                          d="M505 442.7L405.3 343c-4.5-4.5-10.6-7-17-7H372c27.6-35.3 44-79.7 44-128C416 93.1 322.9 0 208 0S0 93.1 0 208s93.1 208 208 208c48.3 0 92.7-16.4 128-44v16.3c0 6.4 2.5 12.5 7 17l99.7 99.7c9.4 9.4 24.6 9.4 33.9 0l28.3-28.3c9.4-9.4 9.4-24.6.1-34zM208 336c-70.7 0-128-57.2-128-128 0-70.7 57.2-128 128-128 70.7 0 128 57.2 128 128 0 70.7-57.2 128-128 128z"
                        />
                      </svg>
                    </span>
                    <input
                      aria-label="Search input"
                      class="pf-c-search-input__text-input"
                      value=""
                    />
                  </span>
                </div>
              </div>
            </div>
            <div
              class="editor-bar-button previous disabled"
              role="button"
              tabindex="0"
            >
              <svg
                height="16px"
                role="presentation"
                version="1.1"
                viewBox="0 0 18 18"
                width="16px"
              >
                <g
                  fill="none"
                  fill-rule="evenodd"
                  stroke="none"
                  stroke-width="1"
                >
                  <g
                    fill="#EDEDED"
                    transform="translate(-1225.000000, -215.000000)"
                  >
                    <path
                      d="M1234,216.5 C1238.14214,216.5 1241.5,219.857864 1241.5,224 C1241.5,228.142136 1238.14214,231.5 1234,231.5 C1229.85786,231.5 1226.5,228.142136 1226.5,224 C1226.5,219.857864 1229.85786,216.5 1234,216.5 L1234,216.5 Z M1234,215.25 C1229.16751,215.25 1225.25,219.167508 1225.25,224 C1225.25,228.832492 1229.16751,232.75 1234,232.75 C1238.83249,232.75 1242.75,228.832492 1242.75,224 C1242.75,219.167508 1238.83249,215.25 1234,215.25 Z M1230.35502,224.334055 L1235.91465,224.334055 L1233.00667,227.242032 L1233.89056,228.125915 L1238.30997,223.706498 L1233.89498,219.2915 L1233.00225,220.166545 L1235.91907,223.08336 L1230.35944,223.08336 L1230.35502,224.334055 L1230.35502,224.334055 Z"
                      id="Fill"
                      transform="translate(1234.000000, 224.000000) scale(-1, 1) translate(-1234.000000, -224.000000) "
                    />
                  </g>
                </g>
              </svg>
            </div>
            <div
              class="editor-bar-button next disabled"
              role="button"
              tabindex="0"
            >
              <svg
                height="16px"
                role="presentation"
                version="1.1"
                viewBox="0 0 18 18"
                width="16px"
              >
                <g
                  fill="none"
                  fill-rule="evenodd"
                  stroke="none"
                  stroke-width="1"
                >
                  <g
                    fill="#EDEDED"
                    transform="translate(-1255.000000, -215.000000)"
                  >
                    <path
                      d="M1264,216.5 C1268.14214,216.5 1271.5,219.857864 1271.5,224 C1271.5,228.142136 1268.14214,231.5 1264,231.5 C1259.85786,231.5 1256.5,228.142136 1256.5,224 C1256.5,219.857864 1259.85786,216.5 1264,216.5 L1264,216.5 Z M1264,215.25 C1259.16751,215.25 1255.25,219.167508 1255.25,224 C1255.25,228.832492 1259.16751,232.75 1264,232.75 C1268.83249,232.75 1272.75,228.832492 1272.75,224 C1272.75,219.167508 1268.83249,215.25 1264,215.25 Z M1260.35502,224.334055 L1265.91465,224.334055 L1263.00667,227.242032 L1263.89056,228.125915 L1268.30997,223.706498 L1263.89498,219.2915 L1263.00225,220.166545 L1265.91907,223.08336 L1260.35944,223.08336 L1260.35502,224.334055 L1260.35502,224.334055 Z"
                      id="Fill"
                    />
                  </g>
                </g>
              </svg>
            </div>
          </div>
        </div>
      </div>
    </div>
    <div
      class="editor-bar-close"
    >
      <div
        class="editor-bar-section"
      >
        <div
          class="editor-bar-button close"
          role="button"
          tabindex="0"
        >
          <svg
            height="16px"
            role="presentation"
            version="1.1"
            viewBox="-4 -4 16 16"
            width="16px"
          >
            <g>
              <path
                d="M9.8 8.6L8.4 10 5 6.4 1.4 10 0 8.6 3.6 5 .1 1.4 1.5 0 5 3.6 8.6 0 10 1.4 6.4 5z"
              />
            </g>
          </svg>
        </div>
      </div>
    </div>
  </div>
</DocumentFragment>
`;
