// Jest Snapshot v1, https://goo.gl/fbAQLP

exports[`Correctly return empty row Actions for Application 1`] = `
Array [
  Object {
    "click": [Function],
    "id": "view-application",
    "title": "View application",
  },
  Object {
    "click": [Function],
    "id": "view-application-topology",
    "title": "View application topology",
  },
  Object {
    "click": [Function],
    "id": "edit",
    "title": "Edit application",
  },
  Object {
    "click": [Function],
    "id": "view-related",
    "title": "View related resources",
  },
  Object {
    "click": [Function],
    "id": "delete",
    "title": "Delete application",
  },
]
`;

exports[`Correctly return empty row Actions for restricted resource 1`] = `Array []`;

exports[`Correctly return row Actions 1`] = `
Array [
  Object {
    "click": [Function],
    "id": "edit",
    "title": "Edit pod",
  },
  Object {
    "click": [Function],
    "id": "view-related",
    "title": "View related resources",
  },
  Object {
    "click": [Function],
    "id": "delete",
    "title": "Delete pod",
  },
]
`;
