// Jest Snapshot v1, https://goo.gl/fbAQLP

exports[`DetailsPage Should return the url search params correctly 1`] = `
Object {
  "apiversion": "v1",
  "cluster": "local-cluster",
  "isHubClusterResource": true,
  "kind": "Pod",
  "name": "testLocalPod",
  "namespace": "testNamespace",
}
`;

exports[`DetailsPage Should return the url search params incorrectly 1`] = `
Object {
  "apiversion": "",
  "cluster": "",
  "isHubClusterResource": false,
  "kind": "",
  "name": "",
  "namespace": "",
}
`;
