// Jest Snapshot v1, https://goo.gl/fbAQLP

exports[`GetHostedCard Return card data - Hypershift enabled 1`] = `
Object {
  "alertContent": <a
    href="https://docs.redhat.com/en/documentation/red_hat_advanced_cluster_management_for_kubernetes/2.13/html-single/clusters/index#enable-or-disable-hosted-control-planes"
    rel="noopener noreferrer"
    target="_blank"
  >
    View documentation
     
    <ExternalLinkAltIcon
      color="currentColor"
      noVerticalAlign={false}
      size="sm"
    />
  </a>,
  "alertTitle": undefined,
  "alertVariant": "info",
  "id": "hosted",
  "items": Array [
    Object {
      "description": "Run an OpenShift cluster where the control plane is decoupled from the data plane, and is treated like a multi-tenant workload on a hosting service cluster. The data plane is on a separate network domain that allows segmentation between management and workload traffic.",
      "type": "description",
    },
    Object {
      "icon": <CheckIcon
        color="var(--pf-global--success-color--100)"
        noVerticalAlign={false}
        size="sm"
      />,
      "items": Array [
        Object {
          "text": "Reduces costs by efficiently reusing an OpenShift cluster to host multiple control planes.",
        },
        Object {
          "text": "Quickly provisions clusters.",
        },
      ],
      "title": "",
      "type": "list",
    },
  ],
  "onClick": [Function],
  "title": "Hosted",
}
`;
