// Jest Snapshot v1, https://goo.gl/fbAQLP

exports[`Availability Options Form renders 1`] = `
<div>
  <form
    class="pf-c-form css-1i47bvi"
    novalidate=""
  >
    <div
      class="pf-c-form__group"
      role="radiogroup"
    >
      <div
        class="pf-c-form__group-label"
      >
        <label
          class="pf-c-form__label"
          for="controller"
        >
          <span
            class="pf-c-form__label-text"
          >
            Controller availability policy
          </span>
          <span
            aria-hidden="true"
            class="pf-c-form__label-required"
          >
             
            *
          </span>
        </label>
         
      </div>
      <div
        class="pf-c-form__group-control pf-m-inline"
      >
        <div
          class="pf-c-radio"
        >
          <input
            aria-invalid="false"
            checked=""
            class="pf-c-radio__input"
            data-ouia-component-id="OUIA-Generated-Radio-1"
            data-ouia-component-type="PF4/Radio"
            data-ouia-safe="true"
            data-testid="controller-ha"
            id="controller-ha"
            name="controllerAvailabilityPolicy"
            type="radio"
            value="HighlyAvailable"
          />
          <label
            class="pf-c-radio__label"
            for="controller-ha"
          >
            Highly available
             
            <button
              aria-disabled="false"
              class="pf-c-button pf-m-plain pf-c-form__group-label-help pf-u-p-0"
              data-ouia-component-id="OUIA-Generated-Button-plain-1"
              data-ouia-component-type="PF4/Button"
              data-ouia-safe="true"
              type="button"
            >
              <svg
                aria-hidden="true"
                fill="currentColor"
                height="1em"
                role="img"
                style="vertical-align: -0.125em;"
                viewBox="0 0 512 512"
                width="1em"
              >
                <path
                  d="M256 8C119.043 8 8 119.083 8 256c0 136.997 111.043 248 248 248s248-111.003 248-248C504 119.083 392.957 8 256 8zm0 448c-110.532 0-200-89.431-200-200 0-110.495 89.472-200 200-200 110.491 0 200 89.471 200 200 0 110.53-89.431 200-200 200zm107.244-255.2c0 67.052-72.421 68.084-72.421 92.863V300c0 6.627-5.373 12-12 12h-45.647c-6.627 0-12-5.373-12-12v-8.659c0-35.745 27.1-50.034 47.579-61.516 17.561-9.845 28.324-16.541 28.324-29.579 0-17.246-21.999-28.693-39.784-28.693-23.189 0-33.894 10.977-48.942 29.969-4.057 5.12-11.46 6.071-16.666 2.124l-27.824-21.098c-5.107-3.872-6.251-11.066-2.644-16.363C184.846 131.491 214.94 112 261.794 112c49.071 0 101.45 38.304 101.45 88.8zM298 368c0 23.159-18.841 42-42 42s-42-18.841-42-42 18.841-42 42-42 42 18.841 42 42z"
                />
              </svg>
            </button>
          </label>
        </div>
        <div
          class="pf-c-radio"
        >
          <input
            aria-invalid="false"
            class="pf-c-radio__input"
            data-ouia-component-id="OUIA-Generated-Radio-2"
            data-ouia-component-type="PF4/Radio"
            data-ouia-safe="true"
            data-testid="controller-single"
            id="controller-single"
            name="controllerAvailabilityPolicy"
            type="radio"
            value="SingleReplica"
          />
          <label
            class="pf-c-radio__label"
            for="controller-single"
          >
            Single replica
             
            <button
              aria-disabled="false"
              class="pf-c-button pf-m-plain pf-c-form__group-label-help pf-u-p-0"
              data-ouia-component-id="OUIA-Generated-Button-plain-2"
              data-ouia-component-type="PF4/Button"
              data-ouia-safe="true"
              type="button"
            >
              <svg
                aria-hidden="true"
                fill="currentColor"
                height="1em"
                role="img"
                style="vertical-align: -0.125em;"
                viewBox="0 0 512 512"
                width="1em"
              >
                <path
                  d="M256 8C119.043 8 8 119.083 8 256c0 136.997 111.043 248 248 248s248-111.003 248-248C504 119.083 392.957 8 256 8zm0 448c-110.532 0-200-89.431-200-200 0-110.495 89.472-200 200-200 110.491 0 200 89.471 200 200 0 110.53-89.431 200-200 200zm107.244-255.2c0 67.052-72.421 68.084-72.421 92.863V300c0 6.627-5.373 12-12 12h-45.647c-6.627 0-12-5.373-12-12v-8.659c0-35.745 27.1-50.034 47.579-61.516 17.561-9.845 28.324-16.541 28.324-29.579 0-17.246-21.999-28.693-39.784-28.693-23.189 0-33.894 10.977-48.942 29.969-4.057 5.12-11.46 6.071-16.666 2.124l-27.824-21.098c-5.107-3.872-6.251-11.066-2.644-16.363C184.846 131.491 214.94 112 261.794 112c49.071 0 101.45 38.304 101.45 88.8zM298 368c0 23.159-18.841 42-42 42s-42-18.841-42-42 18.841-42 42-42 42 18.841 42 42z"
                />
              </svg>
            </button>
          </label>
        </div>
      </div>
    </div>
    <div
      class="pf-c-form__group"
      role="radiogroup"
    >
      <div
        class="pf-c-form__group-label"
      >
        <label
          class="pf-c-form__label"
          for="infrastructure"
        >
          <span
            class="pf-c-form__label-text"
          >
            Infrastructure availability policy
          </span>
          <span
            aria-hidden="true"
            class="pf-c-form__label-required"
          >
             
            *
          </span>
        </label>
         
      </div>
      <div
        class="pf-c-form__group-control pf-m-inline"
      >
        <div
          class="pf-c-radio"
        >
          <input
            aria-invalid="false"
            checked=""
            class="pf-c-radio__input"
            data-ouia-component-id="OUIA-Generated-Radio-3"
            data-ouia-component-type="PF4/Radio"
            data-ouia-safe="true"
            data-testid="infra-ha"
            id="infra-ha"
            name="infraAvailabilityPolicy"
            type="radio"
            value="HighlyAvailable"
          />
          <label
            class="pf-c-radio__label"
            for="infra-ha"
          >
            Highly available
             
            <button
              aria-disabled="false"
              class="pf-c-button pf-m-plain pf-c-form__group-label-help pf-u-p-0"
              data-ouia-component-id="OUIA-Generated-Button-plain-3"
              data-ouia-component-type="PF4/Button"
              data-ouia-safe="true"
              type="button"
            >
              <svg
                aria-hidden="true"
                fill="currentColor"
                height="1em"
                role="img"
                style="vertical-align: -0.125em;"
                viewBox="0 0 512 512"
                width="1em"
              >
                <path
                  d="M256 8C119.043 8 8 119.083 8 256c0 136.997 111.043 248 248 248s248-111.003 248-248C504 119.083 392.957 8 256 8zm0 448c-110.532 0-200-89.431-200-200 0-110.495 89.472-200 200-200 110.491 0 200 89.471 200 200 0 110.53-89.431 200-200 200zm107.244-255.2c0 67.052-72.421 68.084-72.421 92.863V300c0 6.627-5.373 12-12 12h-45.647c-6.627 0-12-5.373-12-12v-8.659c0-35.745 27.1-50.034 47.579-61.516 17.561-9.845 28.324-16.541 28.324-29.579 0-17.246-21.999-28.693-39.784-28.693-23.189 0-33.894 10.977-48.942 29.969-4.057 5.12-11.46 6.071-16.666 2.124l-27.824-21.098c-5.107-3.872-6.251-11.066-2.644-16.363C184.846 131.491 214.94 112 261.794 112c49.071 0 101.45 38.304 101.45 88.8zM298 368c0 23.159-18.841 42-42 42s-42-18.841-42-42 18.841-42 42-42 42 18.841 42 42z"
                />
              </svg>
            </button>
          </label>
        </div>
        <div
          class="pf-c-radio"
        >
          <input
            aria-invalid="false"
            class="pf-c-radio__input"
            data-ouia-component-id="OUIA-Generated-Radio-4"
            data-ouia-component-type="PF4/Radio"
            data-ouia-safe="true"
            data-testid="infra-single"
            id="infra-single"
            name="infraAvailabilityPolicy"
            type="radio"
            value="SingleReplica"
          />
          <label
            class="pf-c-radio__label"
            for="infra-single"
          >
            Single replica
             
            <button
              aria-disabled="false"
              class="pf-c-button pf-m-plain pf-c-form__group-label-help pf-u-p-0"
              data-ouia-component-id="OUIA-Generated-Button-plain-4"
              data-ouia-component-type="PF4/Button"
              data-ouia-safe="true"
              type="button"
            >
              <svg
                aria-hidden="true"
                fill="currentColor"
                height="1em"
                role="img"
                style="vertical-align: -0.125em;"
                viewBox="0 0 512 512"
                width="1em"
              >
                <path
                  d="M256 8C119.043 8 8 119.083 8 256c0 136.997 111.043 248 248 248s248-111.003 248-248C504 119.083 392.957 8 256 8zm0 448c-110.532 0-200-89.431-200-200 0-110.495 89.472-200 200-200 110.491 0 200 89.471 200 200 0 110.53-89.431 200-200 200zm107.244-255.2c0 67.052-72.421 68.084-72.421 92.863V300c0 6.627-5.373 12-12 12h-45.647c-6.627 0-12-5.373-12-12v-8.659c0-35.745 27.1-50.034 47.579-61.516 17.561-9.845 28.324-16.541 28.324-29.579 0-17.246-21.999-28.693-39.784-28.693-23.189 0-33.894 10.977-48.942 29.969-4.057 5.12-11.46 6.071-16.666 2.124l-27.824-21.098c-5.107-3.872-6.251-11.066-2.644-16.363C184.846 131.491 214.94 112 261.794 112c49.071 0 101.45 38.304 101.45 88.8zM298 368c0 23.159-18.841 42-42 42s-42-18.841-42-42 18.841-42 42-42 42 18.841 42 42z"
                />
              </svg>
            </button>
          </label>
        </div>
      </div>
    </div>
  </form>
</div>
`;
