// Jest Snapshot v1, https://goo.gl/fbAQLP

exports[`renders clusters disabled message 1`] = `
<body>
  <div>
    <div
      style="outline: none; display: flex; justify-content: flex-end;"
    >
      <div
        style="flex: 1;"
      >
        <section
          class="pf-c-page__main-section pf-m-no-padding pf-m-light"
        >
          <div
            class="pf-l-split"
          >
            <div
              class="pf-l-split__item pf-m-fill"
            >
              <div
                class="pf-l-stack pf-m-gutter"
              >
                <div
                  class="pf-l-stack__item pf-m-fill"
                >
                  <section
                    class="pf-c-page__main-section pf-m-light"
                  >
                    <div
                      class="pf-l-stack pf-m-gutter"
                    >
                      <div
                        class="pf-l-stack__item pf-m-fill"
                      >
                        <div
                          class="pf-l-split pf-m-gutter"
                        >
                          <div
                            class="pf-l-split__item"
                          >
                            <div
                              class="pf-c-content"
                            >
                              <h1
                                class="pf-c-title pf-m-2xl"
                                data-ouia-component-id="OUIA-Generated-Title-1"
                                data-ouia-component-type="PF4/Title"
                                data-ouia-safe="true"
                              >
                                search
                              </h1>
                            </div>
                          </div>
                        </div>
                      </div>
                    </div>
                  </section>
                </div>
              </div>
            </div>
            <div
              class="pf-l-split__item"
            >
              <section
                class="pf-c-page__main-section pf-m-light"
                style="height: 100%;"
              >
                <div
                  class="pf-l-stack pf-m-gutter"
                />
              </section>
            </div>
          </div>
        </section>
      </div>
      <article
        class="pf-c-card"
        data-ouia-component-id="OUIA-Generated-Card-1"
        data-ouia-component-type="PF4/Card"
        data-ouia-safe="true"
        id=""
        style="box-shadow: none;"
      >
        <div
          class="pf-c-card__body"
        >
          <div
            class="makeStyles-container-1"
          >
            <div
              class="makeStyles-icon-2"
            >
              <svg
                aria-hidden="true"
                class="makeStyles-iconMargin-3"
                fill="var(--pf-global--warning-color--100)"
                height="1em"
                role="img"
                style="vertical-align: -0.125em;"
                viewBox="0 0 576 512"
                width="1em"
              >
                <path
                  d="M569.517 440.013C587.975 472.007 564.806 512 527.94 512H48.054c-36.937 0-59.999-40.055-41.577-71.987L246.423 23.985c18.467-32.009 64.72-31.951 83.154 0l239.94 416.028zM288 354c-25.405 0-46 20.595-46 46s20.595 46 46 46 46-20.595 46-46-20.595-46-46-46zm-43.673-165.346l7.418 136c.347 6.364 5.609 11.346 11.982 11.346h48.546c6.373 0 11.635-4.982 11.982-11.346l7.418-136c.375-6.874-5.098-12.654-11.982-12.654h-63.383c-6.884 0-12.356 5.78-11.981 12.654z"
                />
              </svg>
            </div>
            <span
              style="margin-left: .4rem;"
            >
              <button
                aria-disabled="false"
                class="pf-c-button pf-m-link makeStyles-button-4"
                data-ouia-component-id="OUIA-Generated-Button-link-1"
                data-ouia-component-type="PF4/Button"
                data-ouia-safe="true"
                type="button"
              >
                messages.S20.short
              </button>
            </span>
          </div>
        </div>
      </article>
    </div>
  </div>
</body>
`;

exports[`renders empty message 1`] = `
<body>
  <div>
    <div
      style="outline: none; display: flex; justify-content: flex-end;"
    >
      <div
        style="flex: 1;"
      >
        <section
          class="pf-c-page__main-section pf-m-no-padding pf-m-light"
        >
          <div
            class="pf-l-split"
          >
            <div
              class="pf-l-split__item pf-m-fill"
            >
              <div
                class="pf-l-stack pf-m-gutter"
              >
                <div
                  class="pf-l-stack__item pf-m-fill"
                >
                  <section
                    class="pf-c-page__main-section pf-m-light"
                  >
                    <div
                      class="pf-l-stack pf-m-gutter"
                    >
                      <div
                        class="pf-l-stack__item pf-m-fill"
                      >
                        <div
                          class="pf-l-split pf-m-gutter"
                        >
                          <div
                            class="pf-l-split__item"
                          >
                            <div
                              class="pf-c-content"
                            >
                              <h1
                                class="pf-c-title pf-m-2xl"
                                data-ouia-component-id="OUIA-Generated-Title-2"
                                data-ouia-component-type="PF4/Title"
                                data-ouia-safe="true"
                              >
                                search
                              </h1>
                            </div>
                          </div>
                        </div>
                      </div>
                    </div>
                  </section>
                </div>
              </div>
            </div>
            <div
              class="pf-l-split__item"
            >
              <section
                class="pf-c-page__main-section pf-m-light"
                style="height: 100%;"
              >
                <div
                  class="pf-l-stack pf-m-gutter"
                />
              </section>
            </div>
          </div>
        </section>
      </div>
    </div>
  </div>
</body>
`;

exports[`renders unknown message 1`] = `
<body>
  <div>
    <div
      style="outline: none; display: flex; justify-content: flex-end;"
    >
      <div
        style="flex: 1;"
      >
        <section
          class="pf-c-page__main-section pf-m-no-padding pf-m-light"
        >
          <div
            class="pf-l-split"
          >
            <div
              class="pf-l-split__item pf-m-fill"
            >
              <div
                class="pf-l-stack pf-m-gutter"
              >
                <div
                  class="pf-l-stack__item pf-m-fill"
                >
                  <section
                    class="pf-c-page__main-section pf-m-light"
                  >
                    <div
                      class="pf-l-stack pf-m-gutter"
                    >
                      <div
                        class="pf-l-stack__item pf-m-fill"
                      >
                        <div
                          class="pf-l-split pf-m-gutter"
                        >
                          <div
                            class="pf-l-split__item"
                          >
                            <div
                              class="pf-c-content"
                            >
                              <h1
                                class="pf-c-title pf-m-2xl"
                                data-ouia-component-id="OUIA-Generated-Title-3"
                                data-ouia-component-type="PF4/Title"
                                data-ouia-safe="true"
                              >
                                search
                              </h1>
                            </div>
                          </div>
                        </div>
                      </div>
                    </div>
                  </section>
                </div>
              </div>
            </div>
            <div
              class="pf-l-split__item"
            >
              <section
                class="pf-c-page__main-section pf-m-light"
                style="height: 100%;"
              >
                <div
                  class="pf-l-stack pf-m-gutter"
                />
              </section>
            </div>
          </div>
        </section>
      </div>
      <article
        class="pf-c-card"
        data-ouia-component-id="OUIA-Generated-Card-2"
        data-ouia-component-type="PF4/Card"
        data-ouia-safe="true"
        id=""
        style="box-shadow: none;"
      >
        <div
          class="pf-c-card__body"
        >
          <div
            class="makeStyles-container-5"
          >
            <div
              class="makeStyles-icon-6"
            >
              <svg
                aria-hidden="true"
                class="makeStyles-iconMargin-7"
                fill="var(--pf-global--warning-color--100)"
                height="1em"
                role="img"
                style="vertical-align: -0.125em;"
                viewBox="0 0 576 512"
                width="1em"
              >
                <path
                  d="M569.517 440.013C587.975 472.007 564.806 512 527.94 512H48.054c-36.937 0-59.999-40.055-41.577-71.987L246.423 23.985c18.467-32.009 64.72-31.951 83.154 0l239.94 416.028zM288 354c-25.405 0-46 20.595-46 46s20.595 46 46 46 46-20.595 46-46-20.595-46-46-46zm-43.673-165.346l7.418 136c.347 6.364 5.609 11.346 11.982 11.346h48.546c6.373 0 11.635-4.982 11.982-11.346l7.418-136c.375-6.874-5.098-12.654-11.982-12.654h-63.383c-6.884 0-12.356 5.78-11.981 12.654z"
                />
              </svg>
            </div>
            <span
              style="margin-left: .4rem;"
            >
              <button
                aria-disabled="false"
                class="pf-c-button pf-m-link makeStyles-button-8"
                data-ouia-component-id="OUIA-Generated-Button-link-2"
                data-ouia-component-type="PF4/Button"
                data-ouia-safe="true"
                type="button"
              >
                messages.S90.short
              </button>
            </span>
          </div>
        </div>
      </article>
    </div>
  </div>
</body>
`;
