// Jest Snapshot v1, https://goo.gl/fbAQLP

exports[`ControlPanelTreeSelect component renders as expected 1`] = `
<DocumentFragment>
  <div
    class="creation-view-controls-treeselect"
  >
    <div
      class="pf-c-form__group"
      id="controlId-label"
    >
      <div
        class="pf-c-form__group-label"
      >
        <label
          class="pf-c-form__label"
          for="controlId"
        >
          <span
            class="pf-c-form__label-text"
          >
            creation.app.name
          </span>
        </label>
         
        <button
          aria-label="More info"
          class="pf-c-form__group-label-help"
          id="controlId-label-help-button"
        >
          <svg
            aria-hidden="true"
            fill="currentColor"
            height="1em"
            role="img"
            viewBox="0 0 1024 1024"
            width="1em"
          >
            <path
              d="M521.3,576 C627.5,576 713.7,502 713.7,413.7 C713.7,325.4 627.6,253.6 521.3,253.6 C366,253.6 334.5,337.7 329.2,407.2 C329.2,414.3 335.2,416 343.5,416 L445,416 C450.5,416 458,415.5 460.8,406.5 C460.8,362.6 582.9,357.1 582.9,413.6 C582.9,441.9 556.2,470.9 521.3,473 C486.4,475.1 447.3,479.8 447.3,521.7 L447.3,553.8 C447.3,570.8 456.1,576 472,576 C487.9,576 521.3,576 521.3,576 M575.3,751.3 L575.3,655.3 C575.313862,651.055109 573.620137,646.982962 570.6,644 C567.638831,640.947672 563.552355,639.247987 559.3,639.29884 L463.3,639.29884 C459.055109,639.286138 454.982962,640.979863 452,644 C448.947672,646.961169 447.247987,651.047645 447.29884,655.3 L447.29884,751.3 C447.286138,755.544891 448.979863,759.617038 452,762.6 C454.961169,765.652328 459.047645,767.352013 463.3,767.30116 L559.3,767.30116 C563.544891,767.313862 567.617038,765.620137 570.6,762.6 C573.659349,759.643612 575.360354,755.553963 575.3,751.3 M512,896 C300.2,896 128,723.9 128,512 C128,300.3 300.2,128 512,128 C723.8,128 896,300.2 896,512 C896,723.8 723.7,896 512,896 M512.1,0 C229.7,0 0,229.8 0,512 C0,794.2 229.8,1024 512.1,1024 C794.4,1024 1024,794.3 1024,512 C1024,229.7 794.4,0 512.1,0"
            />
          </svg>
        </button>
      </div>
      <div
        class="pf-c-form__group-control"
      >
        <div>
          <div
            id="controlId"
          >
            <div
              aria-label="Choose an item"
              class="tf--list-box"
              role="listbox"
              tabindex="0"
            >
              <div
                aria-expanded="false"
                aria-haspopup="true"
                aria-label="Open menu"
                class="pf-c-form-control input"
                data-toggle="true"
                role="button"
                tabindex="0"
                type="button"
              >
                <input
                  aria-controls="controlId-creation.app.name-"
                  aria-expanded="true"
                  aria-label="ListBox input field"
                  autocomplete="new-password"
                  class="pf-c-combo-control"
                  data-testid="tree-controlId"
                  id="controlId-input"
                  placeholder=""
                  role="combobox"
                  spellcheck="false"
                  value="false"
                />
                <div
                  class="tf--list-box__selection"
                  role="button"
                  style="color: rgb(106, 110, 115);"
                  tabindex="0"
                  title="Clear selected item"
                >
                  <svg
                    aria-hidden="true"
                    fill="currentColor"
                    height="1em"
                    role="img"
                    style="vertical-align: -0.125em;"
                    viewBox="0 0 512 512"
                    width="1em"
                  >
                    <path
                      d="M256 8C119 8 8 119 8 256s111 248 248 248 248-111 248-248S393 8 256 8zm121.6 313.1c4.7 4.7 4.7 12.3 0 17L338 377.6c-4.7 4.7-12.3 4.7-17 0L256 312l-65.1 65.6c-4.7 4.7-12.3 4.7-17 0L134.4 338c-4.7-4.7-4.7-12.3 0-17l65.6-65-65.6-65.1c-4.7-4.7-4.7-12.3 0-17l39.6-39.6c4.7-4.7 12.3-4.7 17 0l65 65.7 65.1-65.6c4.7-4.7 12.3-4.7 17 0l39.6 39.6c4.7 4.7 4.7 12.3 0 17L312 256l65.6 65.1z"
                    />
                  </svg>
                </div>
                <div
                  class="tf--list-box__menu-icon"
                  role="button"
                  tabindex="0"
                >
                  <svg
                    alt="Open menu"
                    aria-label="Open menu"
                    fill-rule="evenodd"
                    height="5"
                    role="img"
                    viewBox="0 0 10 5"
                    width="10"
                  >
                    <title>
                      Close menu
                    </title>
                    <path
                      d="M0 0l5 4.998L10 0z"
                    />
                  </svg>
                </div>
              </div>
            </div>
          </div>
        </div>
      </div>
    </div>
  </div>
</DocumentFragment>
`;
