// Jest Snapshot v1, https://goo.gl/fbAQLP

exports[`ControlPanelTextArea component renders as expected 1`] = `
<DocumentFragment>
  <div
    class="creation-view-controls-textbox"
  >
    <div>
      <div
        class="pf-v5-c-form__group"
        id="controlId-label"
      >
        <div
          class="pf-v5-c-form__group-label"
        >
          <label
            class="pf-v5-c-form__label"
            for="controlId"
          >
            <span
              class="pf-v5-c-form__label-text"
            >
              creation.app.name
            </span>
          </label>
           
          <div
            style="display: contents;"
          >
            <button
              aria-disabled="false"
              aria-label="More info"
              class="pf-v5-c-button pf-m-plain pf-v5-c-form__group-label-help"
              data-ouia-component-id="OUIA-Generated-Button-plain-1"
              data-ouia-component-type="PF5/Button"
              data-ouia-safe="true"
              id="controlId-label-help-button"
              style="--pf-v5-c-form__group-label-help--TranslateY: 0;"
              type="button"
            >
              <svg
                aria-hidden="true"
                class="pf-v5-svg"
                fill="currentColor"
                height="1em"
                role="img"
                viewBox="0 0 1024 1024"
                width="1em"
              >
                <path
                  d="M521.3,576 C627.5,576 713.7,502 713.7,413.7 C713.7,325.4 627.6,253.6 521.3,253.6 C366,253.6 334.5,337.7 329.2,407.2 C329.2,414.3 335.2,416 343.5,416 L445,416 C450.5,416 458,415.5 460.8,406.5 C460.8,362.6 582.9,357.1 582.9,413.6 C582.9,441.9 556.2,470.9 521.3,473 C486.4,475.1 447.3,479.8 447.3,521.7 L447.3,553.8 C447.3,570.8 456.1,576 472,576 C487.9,576 521.3,576 521.3,576 M575.3,751.3 L575.3,655.3 C575.313862,651.055109 573.620137,646.982962 570.6,644 C567.638831,640.947672 563.552355,639.247987 559.3,639.29884 L463.3,639.29884 C459.055109,639.286138 454.982962,640.979863 452,644 C448.947672,646.961169 447.247987,651.047645 447.29884,655.3 L447.29884,751.3 C447.286138,755.544891 448.979863,759.617038 452,762.6 C454.961169,765.652328 459.047645,767.352013 463.3,767.30116 L559.3,767.30116 C563.544891,767.313862 567.617038,765.620137 570.6,762.6 C573.659349,759.643612 575.360354,755.553963 575.3,751.3 M512,896 C300.2,896 128,723.9 128,512 C128,300.3 300.2,128 512,128 C723.8,128 896,300.2 896,512 C896,723.8 723.7,896 512,896 M512.1,0 C229.7,0 0,229.8 0,512 C0,794.2 229.8,1024 512.1,1024 C794.4,1024 1024,794.3 1024,512 C1024,229.7 794.4,0 512.1,0"
                />
              </svg>
            </button>
          </div>
        </div>
        <div
          class="pf-v5-c-form__group-control"
        >
          <span
            class="pf-v5-c-form-control pf-m-resize-both"
          >
            <textarea
              aria-invalid="false"
              data-testid="area-controlId"
              id="controlId"
              placeholder="Enter creation.app.name"
              type="text"
            />
          </span>
        </div>
      </div>
    </div>
  </div>
</DocumentFragment>
`;

exports[`ControlPanelTextArea component renders as expected 2`] = `
<DocumentFragment>
  <div
    class="creation-view-controls-textbox"
  >
    <div>
      <div
        class="pf-v5-c-form__group"
        id="controlId-label"
      >
        <div
          class="pf-v5-c-form__group-control"
        >
          <span
            class="pf-v5-c-form-control pf-m-resize-both pf-m-error"
          >
            <textarea
              aria-invalid="true"
              data-testid="area-controlId"
              id="controlId"
              placeholder="placeholder"
              type="text"
            >
              n
            </textarea>
            <span
              class="pf-v5-c-form-control__utilities"
            >
              <span
                class="pf-v5-c-form-control__icon pf-m-status"
              >
                <svg
                  aria-hidden="true"
                  class="pf-v5-svg"
                  fill="currentColor"
                  height="1em"
                  role="img"
                  viewBox="0 0 512 512"
                  width="1em"
                >
                  <path
                    d="M504 256c0 136.997-111.043 248-248 248S8 392.997 8 256C8 119.083 119.043 8 256 8s248 111.083 248 248zm-248 50c-25.405 0-46 20.595-46 46s20.595 46 46 46 46-20.595 46-46-20.595-46-46-46zm-43.673-165.346l7.418 136c.347 6.364 5.609 11.346 11.982 11.346h48.546c6.373 0 11.635-4.982 11.982-11.346l7.418-136c.375-6.874-5.098-12.654-11.982-12.654h-63.383c-6.884 0-12.356 5.78-11.981 12.654z"
                  />
                </svg>
              </span>
            </span>
          </span>
          <div
            class="pf-v5-c-form__helper-text"
            id="controlId-helper"
          >
            <div
              class="pf-v5-l-split"
            >
              <div
                class="pf-v5-l-split__item pf-m-fill"
              >
                <div
                  class="pf-v5-c-helper-text"
                >
                  <div
                    class="pf-v5-c-helper-text__item pf-m-error"
                  >
                    <span
                      class="pf-v5-c-helper-text__item-text"
                    >
                      error
                    </span>
                  </div>
                </div>
              </div>
            </div>
          </div>
        </div>
      </div>
    </div>
  </div>
</DocumentFragment>
`;
